MPLINK 5.08, LINKER
Linker Map File - Created Fri Jun 15 13:52:47 2018

                                 Section Info
                  Section       Type    Address   Location Size(Bytes)
                ---------  ---------  ---------  ---------  ---------
                   .org_0       code   0x000000    program   0x000000
                   .org_1       code   0x000000    program   0x000002
                   .org_2       code   0x000004    program   0x000002
                   .org_3       code   0x000005    program   0x00009a
      .config_2007_MAIN.O       code   0x002007    program   0x000002
      .config_2008_MAIN.O       code   0x002008    program   0x000002



                              Program Memory Usage 
                               Start         End      
                           ---------   ---------      
                            0x000000    0x000000      
                            0x000004    0x000051      
                            0x002007    0x002008      
            81 out of 8455 program addresses used, program memory utilization is 0%



                              Symbols - Sorted by Name
                     Name    Address   Location    Storage File                     
                ---------  ---------  ---------  --------- ---------                
                   INICIO   0x000005    program     static C:\Users\drudi\Desktop\EDIIFinal\PongPic\PongPic.X\main.asm
               INIT_TIMER   0x00002c    program     static C:\Users\drudi\Desktop\EDIIFinal\PongPic\PongPic.X\main.asm
                INTER_TMR   0x000032    program     static C:\Users\drudi\Desktop\EDIIFinal\PongPic\PongPic.X\main.asm
                      ISR   0x00002f    program     static C:\Users\drudi\Desktop\EDIIFinal\PongPic\PongPic.X\main.asm
                     LOOP   0x000039    program     static C:\Users\drudi\Desktop\EDIIFinal\PongPic\PongPic.X\main.asm
                    LOOP1   0x000037    program     static C:\Users\drudi\Desktop\EDIIFinal\PongPic\PongPic.X\main.asm
                    LOOP2   0x000035    program     static C:\Users\drudi\Desktop\EDIIFinal\PongPic\PongPic.X\main.asm
                MAIN_LOOP   0x000018    program     static C:\Users\drudi\Desktop\EDIIFinal\PongPic\PongPic.X\main.asm
                TABLA_COL   0x00001a    program     static C:\Users\drudi\Desktop\EDIIFinal\PongPic\PongPic.X\main.asm
                TABLA_FIL   0x000023    program     static C:\Users\drudi\Desktop\EDIIFinal\PongPic\PongPic.X\main.asm
                  TERMINA   0x00004f    program     static C:\Users\drudi\Desktop\EDIIFinal\PongPic\PongPic.X\main.asm



                              Symbols - Sorted by Address
                     Name    Address   Location    Storage File                     
                ---------  ---------  ---------  --------- ---------                
                   INICIO   0x000005    program     static C:\Users\drudi\Desktop\EDIIFinal\PongPic\PongPic.X\main.asm
                MAIN_LOOP   0x000018    program     static C:\Users\drudi\Desktop\EDIIFinal\PongPic\PongPic.X\main.asm
                TABLA_COL   0x00001a    program     static C:\Users\drudi\Desktop\EDIIFinal\PongPic\PongPic.X\main.asm
                TABLA_FIL   0x000023    program     static C:\Users\drudi\Desktop\EDIIFinal\PongPic\PongPic.X\main.asm
               INIT_TIMER   0x00002c    program     static C:\Users\drudi\Desktop\EDIIFinal\PongPic\PongPic.X\main.asm
                      ISR   0x00002f    program     static C:\Users\drudi\Desktop\EDIIFinal\PongPic\PongPic.X\main.asm
                INTER_TMR   0x000032    program     static C:\Users\drudi\Desktop\EDIIFinal\PongPic\PongPic.X\main.asm
                    LOOP2   0x000035    program     static C:\Users\drudi\Desktop\EDIIFinal\PongPic\PongPic.X\main.asm
                    LOOP1   0x000037    program     static C:\Users\drudi\Desktop\EDIIFinal\PongPic\PongPic.X\main.asm
                     LOOP   0x000039    program     static C:\Users\drudi\Desktop\EDIIFinal\PongPic\PongPic.X\main.asm
                  TERMINA   0x00004f    program     static C:\Users\drudi\Desktop\EDIIFinal\PongPic\PongPic.X\main.asm


