MPLINK 5.08, LINKER
Linker Map File - Created Thu Jun 14 19:37:31 2018

                                 Section Info
                  Section       Type    Address   Location Size(Bytes)
                ---------  ---------  ---------  ---------  ---------
                   .org_0       code   0x000000    program   0x000000
                   .org_1       code   0x000000    program   0x000002
                   .org_2       code   0x000004    program   0x000000
                   .org_3       code   0x000005    program   0x0000be
.config_2007_CONTROLLER.O       code   0x002007    program   0x000002
.config_2008_CONTROLLER.O       code   0x002008    program   0x000002



                              Program Memory Usage 
                               Start         End      
                           ---------   ---------      
                            0x000000    0x000000      
                            0x000005    0x000063      
                            0x002007    0x002008      
            98 out of 8455 program addresses used, program memory utilization is 1%



                              Symbols - Sorted by Name
                     Name    Address   Location    Storage File                     
                ---------  ---------  ---------  --------- ---------                
              CHECK_BOTON   0x000030    program     static C:\Users\Ale_2\Desktop\Cursada\Repos\PongPic\PongPic.X\controller.asm
               CONFIGURAR   0x000045    program     static C:\Users\Ale_2\Desktop\Cursada\Repos\PongPic\PongPic.X\controller.asm
                    DELAY   0x000054    program     static C:\Users\Ale_2\Desktop\Cursada\Repos\PongPic\PongPic.X\controller.asm
             DOWN_PRESSED   0x00003f    program     static C:\Users\Ale_2\Desktop\Cursada\Repos\PongPic\PongPic.X\controller.asm
                   FIN_CB   0x00003a    program     static C:\Users\Ale_2\Desktop\Cursada\Repos\PongPic\PongPic.X\controller.asm
                GET_BOTON   0x00000a    program     static C:\Users\Ale_2\Desktop\Cursada\Repos\PongPic\PongPic.X\controller.asm
                   INICIO   0x000005    program     static C:\Users\Ale_2\Desktop\Cursada\Repos\PongPic\PongPic.X\controller.asm
             LEFT_PRESSED   0x000042    program     static C:\Users\Ale_2\Desktop\Cursada\Repos\PongPic\PongPic.X\controller.asm
                     LOOP   0x00005a    program     static C:\Users\Ale_2\Desktop\Cursada\Repos\PongPic\PongPic.X\controller.asm
                    LOOP1   0x000058    program     static C:\Users\Ale_2\Desktop\Cursada\Repos\PongPic\PongPic.X\controller.asm
                    LOOP2   0x000056    program     static C:\Users\Ale_2\Desktop\Cursada\Repos\PongPic\PongPic.X\controller.asm
               LOOP_CHECK   0x000018    program     static C:\Users\Ale_2\Desktop\Cursada\Repos\PongPic\PongPic.X\controller.asm
                MAIN_LOOP   0x000006    program     static C:\Users\Ale_2\Desktop\Cursada\Repos\PongPic\PongPic.X\controller.asm
               UP_PRESSED   0x00003c    program     static C:\Users\Ale_2\Desktop\Cursada\Repos\PongPic\PongPic.X\controller.asm



                              Symbols - Sorted by Address
                     Name    Address   Location    Storage File                     
                ---------  ---------  ---------  --------- ---------                
                   INICIO   0x000005    program     static C:\Users\Ale_2\Desktop\Cursada\Repos\PongPic\PongPic.X\controller.asm
                MAIN_LOOP   0x000006    program     static C:\Users\Ale_2\Desktop\Cursada\Repos\PongPic\PongPic.X\controller.asm
                GET_BOTON   0x00000a    program     static C:\Users\Ale_2\Desktop\Cursada\Repos\PongPic\PongPic.X\controller.asm
               LOOP_CHECK   0x000018    program     static C:\Users\Ale_2\Desktop\Cursada\Repos\PongPic\PongPic.X\controller.asm
              CHECK_BOTON   0x000030    program     static C:\Users\Ale_2\Desktop\Cursada\Repos\PongPic\PongPic.X\controller.asm
                   FIN_CB   0x00003a    program     static C:\Users\Ale_2\Desktop\Cursada\Repos\PongPic\PongPic.X\controller.asm
               UP_PRESSED   0x00003c    program     static C:\Users\Ale_2\Desktop\Cursada\Repos\PongPic\PongPic.X\controller.asm
             DOWN_PRESSED   0x00003f    program     static C:\Users\Ale_2\Desktop\Cursada\Repos\PongPic\PongPic.X\controller.asm
             LEFT_PRESSED   0x000042    program     static C:\Users\Ale_2\Desktop\Cursada\Repos\PongPic\PongPic.X\controller.asm
               CONFIGURAR   0x000045    program     static C:\Users\Ale_2\Desktop\Cursada\Repos\PongPic\PongPic.X\controller.asm
                    DELAY   0x000054    program     static C:\Users\Ale_2\Desktop\Cursada\Repos\PongPic\PongPic.X\controller.asm
                    LOOP2   0x000056    program     static C:\Users\Ale_2\Desktop\Cursada\Repos\PongPic\PongPic.X\controller.asm
                    LOOP1   0x000058    program     static C:\Users\Ale_2\Desktop\Cursada\Repos\PongPic\PongPic.X\controller.asm
                     LOOP   0x00005a    program     static C:\Users\Ale_2\Desktop\Cursada\Repos\PongPic\PongPic.X\controller.asm


